// Jest Snapshot v1, https://goo.gl/fbAQLP

exports[`#timers #addTimer should throw if for an invalid unit 1`] = `"unit must be a positive integer"`;

exports[`#timers #addTimer should throw if for an invalid unit 2`] = `"unit must be a positive integer"`;

exports[`#timers #addTimer should throw if for an invalid unit 3`] = `"unit must be a positive integer"`;

exports[`#timers #addTimer should throw if for an invalid unit 4`] = `"unit must be a positive integer"`;

exports[`#timers #addTimer should throw if for an invalid unit 5`] = `"unit must be a positive integer"`;

exports[`#timers #addTimer should throw if for an invalid unit 6`] = `"unit must be a positive integer"`;

exports[`#timers #addTimer should throw if for an invalid unit 7`] = `"unit must be a positive integer"`;

exports[`#timers #addTimer should throw if for an invalid unit 8`] = `"unit must be a positive integer"`;

exports[`#timers #addTimer should throw if for an invalid unit 9`] = `"unit must be a positive integer"`;

exports[`#timers #addTimer should throw if for an unknown interval 1`] = `"interval must be one of TimeSync.SECONDS, TimeSync.MINUTES, TimeSync.HOURS or TimeSync.DAYS"`;

exports[`#timers #addTimer should throw if for an unknown interval 2`] = `"interval must be one of TimeSync.SECONDS, TimeSync.MINUTES, TimeSync.HOURS or TimeSync.DAYS"`;

exports[`#timers #addTimer should throw if for an unknown interval 3`] = `"interval must be one of TimeSync.SECONDS, TimeSync.MINUTES, TimeSync.HOURS or TimeSync.DAYS"`;

exports[`#timers #addTimer should throw if for an unknown interval 4`] = `"interval must be one of TimeSync.SECONDS, TimeSync.MINUTES, TimeSync.HOURS or TimeSync.DAYS"`;

exports[`#timers #addTimer should throw if for an unknown interval 5`] = `"interval must be one of TimeSync.SECONDS, TimeSync.MINUTES, TimeSync.HOURS or TimeSync.DAYS"`;

exports[`#timers #addTimer should throw if no callback is provided 1`] = `"You need to provide a callback as the first argument to addTimer"`;

exports[`#timers #addTimer should work with a mix of timers 1`] = `
[
  [
    11,
  ],
  [
    12,
  ],
  [
    13,
  ],
  [
    14,
  ],
  [
    15,
  ],
  [
    16,
  ],
  [
    17,
  ],
  [
    18,
  ],
  [
    19,
  ],
  [
    20,
  ],
  [
    21,
  ],
  [
    22,
  ],
  [
    23,
  ],
  [
    24,
  ],
  [
    25,
  ],
  [
    26,
  ],
  [
    27,
  ],
  [
    28,
  ],
  [
    29,
  ],
  [
    30,
  ],
  [
    31,
  ],
  [
    32,
  ],
  [
    33,
  ],
  [
    34,
  ],
  [
    35,
  ],
  [
    36,
  ],
  [
    37,
  ],
  [
    38,
  ],
  [
    39,
  ],
  [
    40,
  ],
  [
    41,
  ],
  [
    42,
  ],
  [
    43,
  ],
  [
    44,
  ],
  [
    45,
  ],
  [
    46,
  ],
  [
    47,
  ],
  [
    48,
  ],
  [
    49,
  ],
  [
    50,
  ],
  [
    51,
  ],
  [
    52,
  ],
  [
    53,
  ],
  [
    54,
  ],
  [
    55,
  ],
  [
    56,
  ],
  [
    57,
  ],
  [
    58,
  ],
  [
    59,
  ],
  [
    60,
  ],
  [
    61,
  ],
  [
    62,
  ],
  [
    63,
  ],
  [
    64,
  ],
  [
    65,
  ],
  [
    66,
  ],
  [
    67,
  ],
  [
    68,
  ],
  [
    69,
  ],
  [
    70,
  ],
]
`;

exports[`#timers #addTimer should work with a mix of timers 2`] = `
[
  [
    20,
  ],
  [
    30,
  ],
  [
    40,
  ],
  [
    50,
  ],
  [
    60,
  ],
  [
    70,
  ],
]
`;

exports[`#timers #addTimer should work with a mix of timers 3`] = `
[
  [
    60,
  ],
]
`;
